---
source: crates/raikiri-style-macros/src/generate/tests.rs
expression: over_fixture(computed_table_impl)
---
# [allow (unused_variables)]
impl ComputedTable {
    # [doc = r" Every field at its initial value, computed in the initial"]
    # [doc = r" context."]
    pub (crate) fn initial () -> Self {
        let ctx = crate :: resolve :: ResolveContext :: initial () ;
        let cx = & crate :: property :: AbsolutizeCx :: initial (& ctx) ;
        Self {
            isolation : < isolation :: Property as crate :: property :: Longhand > :: compute (< isolation :: Property as crate :: property :: Longhand > :: initial () , cx) ,
            object_fit : < object_fit :: Property as crate :: property :: Longhand > :: compute (< object_fit :: Property as crate :: property :: Longhand > :: initial () , cx) ,
            spacing : < spacing :: Property as crate :: property :: Longhand > :: compute (< spacing :: Property as crate :: property :: Longhand > :: initial () , cx) ,
        }
    }
    # [doc = r" Every field at its entry's `sample` value, computed in the"]
    # [doc = r" initial context: a non-initial value for test fixtures, as"]
    # [doc = r" long as no entry's `compute` maps its sample to the computed"]
    # [doc = r" initial value (check with [`Self::equal_fields`])."]
    # [cfg (test)]
    pub (crate) fn sample () -> Self {
        let ctx = crate :: resolve :: ResolveContext :: initial () ;
        let cx = & crate :: property :: AbsolutizeCx :: initial (& ctx) ;
        Self {
            isolation : < isolation :: Property as crate :: property :: Longhand > :: compute (< isolation :: Property as crate :: property :: Longhand > :: sample () , cx) ,
            object_fit : < object_fit :: Property as crate :: property :: Longhand > :: compute (< object_fit :: Property as crate :: property :: Longhand > :: sample () , cx) ,
            spacing : < spacing :: Property as crate :: property :: Longhand > :: compute (< spacing :: Property as crate :: property :: Longhand > :: sample () , cx) ,
        }
    }
    # [doc = r" The CSS names of the entries whose fields are equal in `self`"]
    # [doc = r" and `other`, in declaration order (test only; for checking that"]
    # [doc = r" a fixture differs from the initial values in every entry)."]
    # [cfg (test)]
    pub (crate) fn equal_fields (& self , other : & Self) -> :: std :: vec :: Vec < & 'static str > {
        let pairs : & [(& 'static str , bool)] = & [("isolation" , self . isolation == other . isolation) , ("object-fit" , self . object_fit == other . object_fit) , ("word-spacing" , self . spacing == other . spacing) ,] ;
        pairs . iter () . filter (| (_ , equal) | * equal) . map (| (name , _) | * name) . collect ()
    }
}
