---
source: crates/raikiri-style-macros/src/generate/tests.rs
expression: rendered
---
--- tab-width ---
impl crate :: property :: Longhand for tab_width :: Property {
    const NAME : & 'static str = "tab-width" ;
    const INHERITED : bool = true ;
    type Specified = tab_width :: Specified ;
    type Computed = tab_width :: Computed ;
    fn initial () -> Self :: Specified {
        Length :: Px (8.0)
    }
    fn parse (input : & mut :: cssparser :: Parser < '_ , '_ >) -> :: core :: option :: Option < Self :: Specified > {
        let parse : fn (& mut :: cssparser :: Parser < '_ , '_ >) -> :: core :: option :: Option < Self :: Specified > = parse_length ;
        parse (input)
    }
    fn compute (specified : Self :: Specified , cx : & crate :: property :: AbsolutizeCx < '_ >) -> Self :: Computed {
        let compute : fn (Self :: Specified , & crate :: property :: AbsolutizeCx < '_ >) -> Self :: Computed = absolutize_length ;
        compute (specified , cx)
    }
    fn lift (computed : Self :: Computed) -> Self :: Specified {
        let lift : fn (Self :: Computed) -> Self :: Specified = :: core :: convert :: Into :: into ;
        lift (computed)
    }
    # [cfg (test)]
    fn sample () -> Self :: Specified {
        Length :: Em (1.0)
    }
}

--- gap-width ---
impl crate :: property :: Longhand for gap_width :: Property {
    const NAME : & 'static str = "gap-width" ;
    const INHERITED : bool = false ;
    type Specified = gap_width :: Specified ;
    type Computed = gap_width :: Computed ;
    fn initial () -> Self :: Specified {
        Length :: Px (0.0)
    }
    fn parse (input : & mut :: cssparser :: Parser < '_ , '_ >) -> :: core :: option :: Option < Self :: Specified > {
        let parse : fn (& mut :: cssparser :: Parser < '_ , '_ >) -> :: core :: option :: Option < Self :: Specified > = parse_length ;
        parse (input)
    }
    fn compute (specified : Self :: Specified , cx : & crate :: property :: AbsolutizeCx < '_ >) -> Self :: Computed {
        let _ = & specified ;
        let _ = & cx ;
        :: core :: unreachable ! ()
    }
    fn lift (computed : Self :: Computed) -> Self :: Specified {
        let lift : fn (Self :: Computed) -> Self :: Specified = :: core :: convert :: Into :: into ;
        lift (computed)
    }
    # [cfg (test)]
    fn sample () -> Self :: Specified {
        Length :: Em (1.0)
    }
}
