---
source: crates/raikiri-style/src/characterization.rs
---
counter-increment: <undeclared> | page | <absent>
counter-increment: <parent a 2> | computed | [("a", 2)]
counter-increment: <undeclared> | computed | []
counter-increment: * | cssom | <not a ComputedProperty>
counter-increment: none | parse | Some(CounterIncrement([]))
counter-increment: none | serialize | None
counter-increment: none | computed | []
counter-increment: none | page | CounterIncrement([])
counter-increment: a | parse | Some(CounterIncrement([("a", 1)]))
counter-increment: a | serialize | None
counter-increment: a | computed | [("a", 1)]
counter-increment: a | page | CounterIncrement([("a", 1)])
counter-increment: a 3 b | parse | Some(CounterIncrement([("a", 3), ("b", 1)]))
counter-increment: a 3 b | serialize | None
counter-increment: a 3 b | computed | [("a", 3), ("b", 1)]
counter-increment: a 3 b | page | CounterIncrement([("a", 3), ("b", 1)])
counter-increment: a -1 | parse | Some(CounterIncrement([("a", -1)]))
counter-increment: a -1 | serialize | None
counter-increment: a -1 | computed | [("a", -1)]
counter-increment: a -1 | page | CounterIncrement([("a", -1)])
counter-increment: 3 | parse | None
counter-increment: 3 | serialize | -
counter-increment: 3 | computed | []
counter-increment: 3 | page | <absent>
counter-increment: a calc(1 + 1) | parse | Some(Deferred(DeferredValue { property: "counter-increment", value: "a calc(1 + 1)", key: CounterIncrement }))
counter-increment: a calc(1 + 1) | serialize | None
counter-increment: a calc(1 + 1) | computed | [("a2", 1)]
counter-increment: a calc(1 + 1) | page | CounterIncrement([("a2", 1)])
counter-increment: inherit | parse | None
counter-increment: inherit | serialize | -
counter-increment: inherit | computed | []
counter-increment: inherit | page | <absent>
counter-increment: initial | parse | None
counter-increment: initial | serialize | -
counter-increment: initial | computed | []
counter-increment: initial | page | <absent>
counter-increment: unset | parse | None
counter-increment: unset | serialize | -
counter-increment: unset | computed | []
counter-increment: unset | page | <absent>
counter-increment: revert | parse | None
counter-increment: revert | serialize | -
counter-increment: revert | computed | []
counter-increment: revert | page | <absent>
counter-increment: revert-layer | parse | None
counter-increment: revert-layer | serialize | -
counter-increment: revert-layer | computed | []
counter-increment: revert-layer | page | <absent>
counter-increment: var(--v) | parse | Some(Deferred(DeferredValue { property: "counter-increment", value: "var(--v)", key: CounterIncrement }))
counter-increment: var(--v) | serialize | None
counter-increment: var(--v) | computed | [("a", 2)]
counter-increment: var(--v) | page | CounterIncrement([("a", 2)])
counter-increment: var(--undefined) | parse | Some(Deferred(DeferredValue { property: "counter-increment", value: "var(--undefined)", key: CounterIncrement }))
counter-increment: var(--undefined) | serialize | None
counter-increment: var(--undefined) | computed | []
counter-increment: var(--undefined) | page | <absent>

counter-set: <undeclared> | page | <absent>
counter-set: <parent a 2> | computed | [("a", 2)]
counter-set: <undeclared> | computed | []
counter-set: * | cssom | <not a ComputedProperty>
counter-set: none | parse | Some(CounterSet([]))
counter-set: none | serialize | None
counter-set: none | computed | []
counter-set: none | page | CounterSet([])
counter-set: a | parse | Some(CounterSet([("a", 0)]))
counter-set: a | serialize | None
counter-set: a | computed | [("a", 0)]
counter-set: a | page | CounterSet([("a", 0)])
counter-set: a 3 b | parse | Some(CounterSet([("a", 3), ("b", 0)]))
counter-set: a 3 b | serialize | None
counter-set: a 3 b | computed | [("a", 3), ("b", 0)]
counter-set: a 3 b | page | CounterSet([("a", 3), ("b", 0)])
counter-set: a b 2 | parse | Some(CounterSet([("a", 0), ("b", 2)]))
counter-set: a b 2 | serialize | None
counter-set: a b 2 | computed | [("a", 0), ("b", 2)]
counter-set: a b 2 | page | CounterSet([("a", 0), ("b", 2)])
counter-set: 3 | parse | None
counter-set: 3 | serialize | -
counter-set: 3 | computed | []
counter-set: 3 | page | <absent>
counter-set: inherit | parse | None
counter-set: inherit | serialize | -
counter-set: inherit | computed | []
counter-set: inherit | page | <absent>
counter-set: initial | parse | None
counter-set: initial | serialize | -
counter-set: initial | computed | []
counter-set: initial | page | <absent>
counter-set: unset | parse | None
counter-set: unset | serialize | -
counter-set: unset | computed | []
counter-set: unset | page | <absent>
counter-set: revert | parse | None
counter-set: revert | serialize | -
counter-set: revert | computed | []
counter-set: revert | page | <absent>
counter-set: revert-layer | parse | None
counter-set: revert-layer | serialize | -
counter-set: revert-layer | computed | []
counter-set: revert-layer | page | <absent>
counter-set: var(--v) | parse | Some(Deferred(DeferredValue { property: "counter-set", value: "var(--v)", key: CounterSet }))
counter-set: var(--v) | serialize | None
counter-set: var(--v) | computed | [("a", 2)]
counter-set: var(--v) | page | CounterSet([("a", 2)])
counter-set: var(--undefined) | parse | Some(Deferred(DeferredValue { property: "counter-set", value: "var(--undefined)", key: CounterSet }))
counter-set: var(--undefined) | serialize | None
counter-set: var(--undefined) | computed | []
counter-set: var(--undefined) | page | <absent>

content: <undeclared> | page | <absent>
content: <parent "p"> | computed | [Literal("p")]
content: <undeclared> | computed | []
content: * | cssom | <not a ComputedProperty>
content: normal | parse | Some(Content([]))
content: normal | serialize | None
content: normal | computed | []
content: normal | page | Content([])
content: none | parse | Some(Content([None]))
content: none | serialize | None
content: none | computed | [None]
content: none | page | Content([None])
content: "x" | parse | Some(Content([Literal("x")]))
content: "x" | serialize | None
content: "x" | computed | [Literal("x")]
content: "x" | page | Content([Literal("x")])
content: counter(a) | parse | Some(Content([Counter { name: "a", style: Decimal }]))
content: counter(a) | serialize | None
content: counter(a) | computed | [Counter { name: "a", style: Decimal }]
content: counter(a) | page | Content([Counter { name: "a", style: Decimal }])
content: counters(a, ".", upper-roman) | parse | Some(Content([Counters { name: "a", separator: ".", style: Named("upper-roman") }]))
content: counters(a, ".", upper-roman) | serialize | None
content: counters(a, ".", upper-roman) | computed | [Counters { name: "a", separator: ".", style: Named("upper-roman") }]
content: counters(a, ".", upper-roman) | page | Content([Counters { name: "a", separator: ".", style: Named("upper-roman") }])
content: attr(title) | parse | Some(Content([Attr { name: "title" }]))
content: attr(title) | serialize | None
content: attr(title) | computed | [Attr { name: "title" }]
content: attr(title) | page | Content([Attr { name: "title" }])
content: open-quote close-quote | parse | Some(Content([Quote(OpenQuote), Quote(CloseQuote)]))
content: open-quote close-quote | serialize | None
content: open-quote close-quote | computed | [Quote(OpenQuote), Quote(CloseQuote)]
content: open-quote close-quote | page | Content([Quote(OpenQuote), Quote(CloseQuote)])
content: "a" counter(b, upper-roman) | parse | Some(Content([Literal("a"), Counter { name: "b", style: Named("upper-roman") }]))
content: "a" counter(b, upper-roman) | serialize | None
content: "a" counter(b, upper-roman) | computed | [Literal("a"), Counter { name: "b", style: Named("upper-roman") }]
content: "a" counter(b, upper-roman) | page | Content([Literal("a"), Counter { name: "b", style: Named("upper-roman") }])
content: url(x.png) | parse | Some(Content([Image { url: "x.png" }]))
content: url(x.png) | serialize | None
content: url(x.png) | computed | [Image { url: "x.png" }]
content: url(x.png) | page | Content([Image { url: "x.png" }])
content: bogus | parse | None
content: bogus | serialize | -
content: bogus | computed | []
content: bogus | page | <absent>
content: inherit | parse | None
content: inherit | serialize | -
content: inherit | computed | []
content: inherit | page | <absent>
content: initial | parse | None
content: initial | serialize | -
content: initial | computed | []
content: initial | page | <absent>
content: unset | parse | None
content: unset | serialize | -
content: unset | computed | []
content: unset | page | <absent>
content: revert | parse | None
content: revert | serialize | -
content: revert | computed | []
content: revert | page | <absent>
content: revert-layer | parse | None
content: revert-layer | serialize | -
content: revert-layer | computed | []
content: revert-layer | page | <absent>
content: var(--v) | parse | Some(Deferred(DeferredValue { property: "content", value: "var(--v)", key: Content }))
content: var(--v) | serialize | None
content: var(--v) | computed | [Literal("p")]
content: var(--v) | page | Content([Literal("p")])
content: var(--undefined) | parse | Some(Deferred(DeferredValue { property: "content", value: "var(--undefined)", key: Content }))
content: var(--undefined) | serialize | None
content: var(--undefined) | computed | []
content: var(--undefined) | page | <absent>

string-set: <undeclared> | page | <absent>
string-set: <parent title "p"> | computed | [("title", [Literal("p")])]
string-set: <undeclared> | computed | []
string-set: * | cssom | <not a ComputedProperty>
string-set: none | parse | Some(StringSet([]))
string-set: none | serialize | None
string-set: none | computed | []
string-set: none | page | StringSet([])
string-set: title content(text) | parse | Some(StringSet([("title", [Content { keyword: Text }])]))
string-set: title content(text) | serialize | None
string-set: title content(text) | computed | [("title", [Content { keyword: Text }])]
string-set: title content(text) | page | StringSet([("title", [Content { keyword: Text }])])
string-set: a "x", b attr(title) | parse | Some(StringSet([("a", [Literal("x")]), ("b", [Attr { name: "title" }])]))
string-set: a "x", b attr(title) | serialize | None
string-set: a "x", b attr(title) | computed | [("a", [Literal("x")]), ("b", [Attr { name: "title" }])]
string-set: a "x", b attr(title) | page | StringSet([("a", [Literal("x")]), ("b", [Attr { name: "title" }])])
string-set: title content(before) "-" counter(page) | parse | Some(StringSet([("title", [Content { keyword: Before }, Literal("-"), Counter { name: "page", style: Decimal }])]))
string-set: title content(before) "-" counter(page) | serialize | None
string-set: title content(before) "-" counter(page) | computed | [("title", [Content { keyword: Before }, Literal("-"), Counter { name: "page", style: Decimal }])]
string-set: title content(before) "-" counter(page) | page | StringSet([("title", [Content { keyword: Before }, Literal("-"), Counter { name: "page", style: Decimal }])])
string-set: title | parse | None
string-set: title | serialize | -
string-set: title | computed | []
string-set: title | page | <absent>
string-set: inherit | parse | None
string-set: inherit | serialize | -
string-set: inherit | computed | []
string-set: inherit | page | <absent>
string-set: initial | parse | None
string-set: initial | serialize | -
string-set: initial | computed | []
string-set: initial | page | <absent>
string-set: unset | parse | None
string-set: unset | serialize | -
string-set: unset | computed | []
string-set: unset | page | <absent>
string-set: revert | parse | None
string-set: revert | serialize | -
string-set: revert | computed | []
string-set: revert | page | <absent>
string-set: revert-layer | parse | None
string-set: revert-layer | serialize | -
string-set: revert-layer | computed | []
string-set: revert-layer | page | <absent>
string-set: var(--v) | parse | Some(Deferred(DeferredValue { property: "string-set", value: "var(--v)", key: StringSet }))
string-set: var(--v) | serialize | None
string-set: var(--v) | computed | [("title", [Literal("p")])]
string-set: var(--v) | page | StringSet([("title", [Literal("p")])])
string-set: var(--undefined) | parse | Some(Deferred(DeferredValue { property: "string-set", value: "var(--undefined)", key: StringSet }))
string-set: var(--undefined) | serialize | None
string-set: var(--undefined) | computed | []
string-set: var(--undefined) | page | <absent>

page: <undeclared> | page | <absent>
page: * | computed | <no computed field>
page: * | cssom | <not a ComputedProperty>
page: auto | parse | Some(Page(Auto))
page: auto | serialize | None
page: auto | page | Page(Auto)
page: wide | parse | Some(Page(Named(Atom("wide"))))
page: wide | serialize | None
page: wide | page | Page(Named(Atom("wide")))
page: narrow | parse | Some(Page(Named(Atom("narrow"))))
page: narrow | serialize | None
page: narrow | page | Page(Named(Atom("narrow")))
page: 1 | parse | None
page: 1 | serialize | -
page: 1 | page | <absent>
page: inherit | parse | None
page: inherit | serialize | -
page: inherit | page | <absent>
page: initial | parse | None
page: initial | serialize | -
page: initial | page | <absent>
page: unset | parse | None
page: unset | serialize | -
page: unset | page | <absent>
page: revert | parse | None
page: revert | serialize | -
page: revert | page | <absent>
page: revert-layer | parse | None
page: revert-layer | serialize | -
page: revert-layer | page | <absent>
page: var(--v) | parse | Some(Deferred(DeferredValue { property: "page", value: "var(--v)", key: Page }))
page: var(--v) | serialize | None
page: var(--v) | page | Page(Named(Atom("wide")))
page: var(--undefined) | parse | Some(Deferred(DeferredValue { property: "page", value: "var(--undefined)", key: Page }))
page: var(--undefined) | serialize | None
page: var(--undefined) | page | <absent>
